---
source: crates/bsnext_output/src/tests.rs
expression: actual
---
[server] http://0.0.0.0:3000
[server] http://0.0.0.0:4000
