---
source: crates/bsnext_output/src/tests.rs
expression: stripped
---
[bslive] started...
