---
source: crates/bsnext_output/src/tests.rs
expression: "&actual"
---
[bslive] [36mstarted...[0m
