---
source: crates/bsnext_core/tests/delays.rs
expression: "(parts1.headers, body1)"
---
(
    {
        "content-type": "text/html; charset=utf-8",
        "content-length": "19",
        "cache-control": "no-store, no-cache, must-revalidate",
        "pragma": "no-cache",
        "expires": "0",
    },
    "first - 200ms delay",
)
