---
source: crates/bsnext_core/tests/delays.rs
expression: body1
---
"target - proxy delay"
