---
source: crates/bsnext_core/tests/every_route_kind.rs
expression: body3
---
-----raw-content----
