---
source: crates/bsnext_core/tests/inject_tests.rs
expression: body
---
<body>hey!<!-- source: snippet.html--><script type="module" src="/__bs_js"></script><!-- end: snippet.html-->
                </body>
