---
source: crates/bsnext_core/tests/tests.rs
expression: res.headers()
---
{
    "content-type": "text/html; charset=utf-8",
    "content-length": "4",
    "a": "b",
}
