---
source: crates/bsnext_core/src/server/router/inject_tests.rs
expression: body4
---
<body>hey!<!-- source: snippet.html--><script type="module" src="/__bs_js"></script><!-- end: snippet.html-->
                </body>
