---
source: crates/bsnext_core/src/server/router/inject_tests.rs
expression: body3
---
<body>Should be excluded, since the `only` doesn't match</body>
