---
source: crates/bsnext_input/src/when_guard.rs
expression: "&when"
---
A {
    when: Query {
        query: [
            Has {
                has: "here",
            },
        ],
    },
}
