---
source: crates/bsnext_html/tests/html_playground.rs
expression: found.kind
---
Dir(
    DirRoute {
        dir: "examples/basic/public",
        base: None,
    },
)
