---
source: crates/bsnext_html/tests/html_playground.rs
expression: found.path
---
PathDef {
    inner: "/",
}
