---
source: crates/bsnext_input/src/input_test/mod.rs
expression: c.get(1).unwrap().opts.compression
---
Some(
    CompType(
        Br,
    ),
)
